Archive member included to satisfy reference by file (symbol)

c:/st/stm32cubeide_1.10.1/stm32cubeide/plugins/com.st.stm32cube.ide.mcu.externaltools.gnu-tools-for-stm32.10.3-2021.10.win32_1.0.0.202111181127/tools/bin/../lib/gcc/arm-none-eabi/10.3.1/../../../../arm-none-eabi/lib/thumb/v6-m/nofp\libc_nano.a(lib_a-errno.o)
                              ./Core/Src/syscalls.o (__errno)
c:/st/stm32cubeide_1.10.1/stm32cubeide/plugins/com.st.stm32cube.ide.mcu.externaltools.gnu-tools-for-stm32.10.3-2021.10.win32_1.0.0.202111181127/tools/bin/../lib/gcc/arm-none-eabi/10.3.1/../../../../arm-none-eabi/lib/thumb/v6-m/nofp\libc_nano.a(lib_a-exit.o)
                              c:/st/stm32cubeide_1.10.1/stm32cubeide/plugins/com.st.stm32cube.ide.mcu.externaltools.gnu-tools-for-stm32.10.3-2021.10.win32_1.0.0.202111181127/tools/bin/../lib/gcc/arm-none-eabi/10.3.1/../../../../arm-none-eabi/lib/thumb/v6-m/nofp/crt0.o (exit)
c:/st/stm32cubeide_1.10.1/stm32cubeide/plugins/com.st.stm32cube.ide.mcu.externaltools.gnu-tools-for-stm32.10.3-2021.10.win32_1.0.0.202111181127/tools/bin/../lib/gcc/arm-none-eabi/10.3.1/../../../../arm-none-eabi/lib/thumb/v6-m/nofp\libc_nano.a(lib_a-impure.o)
                              c:/st/stm32cubeide_1.10.1/stm32cubeide/plugins/com.st.stm32cube.ide.mcu.externaltools.gnu-tools-for-stm32.10.3-2021.10.win32_1.0.0.202111181127/tools/bin/../lib/gcc/arm-none-eabi/10.3.1/../../../../arm-none-eabi/lib/thumb/v6-m/nofp\libc_nano.a(lib_a-exit.o) (_global_impure_ptr)
c:/st/stm32cubeide_1.10.1/stm32cubeide/plugins/com.st.stm32cube.ide.mcu.externaltools.gnu-tools-for-stm32.10.3-2021.10.win32_1.0.0.202111181127/tools/bin/../lib/gcc/arm-none-eabi/10.3.1/../../../../arm-none-eabi/lib/thumb/v6-m/nofp\libc_nano.a(lib_a-init.o)
                              c:/st/stm32cubeide_1.10.1/stm32cubeide/plugins/com.st.stm32cube.ide.mcu.externaltools.gnu-tools-for-stm32.10.3-2021.10.win32_1.0.0.202111181127/tools/bin/../lib/gcc/arm-none-eabi/10.3.1/../../../../arm-none-eabi/lib/thumb/v6-m/nofp/crt0.o (__libc_init_array)
c:/st/stm32cubeide_1.10.1/stm32cubeide/plugins/com.st.stm32cube.ide.mcu.externaltools.gnu-tools-for-stm32.10.3-2021.10.win32_1.0.0.202111181127/tools/bin/../lib/gcc/arm-none-eabi/10.3.1/../../../../arm-none-eabi/lib/thumb/v6-m/nofp\libc_nano.a(lib_a-memset.o)
                              c:/st/stm32cubeide_1.10.1/stm32cubeide/plugins/com.st.stm32cube.ide.mcu.externaltools.gnu-tools-for-stm32.10.3-2021.10.win32_1.0.0.202111181127/tools/bin/../lib/gcc/arm-none-eabi/10.3.1/../../../../arm-none-eabi/lib/thumb/v6-m/nofp/crt0.o (memset)
c:/st/stm32cubeide_1.10.1/stm32cubeide/plugins/com.st.stm32cube.ide.mcu.externaltools.gnu-tools-for-stm32.10.3-2021.10.win32_1.0.0.202111181127/tools/bin/../lib/gcc/arm-none-eabi/10.3.1/thumb/v6-m/nofp\libgcc.a(_udivsi3.o)
                              ./Core/Src/system_stm32f0xx.o (__aeabi_uidiv)
c:/st/stm32cubeide_1.10.1/stm32cubeide/plugins/com.st.stm32cube.ide.mcu.externaltools.gnu-tools-for-stm32.10.3-2021.10.win32_1.0.0.202111181127/tools/bin/../lib/gcc/arm-none-eabi/10.3.1/thumb/v6-m/nofp\libgcc.a(_divsi3.o)
                              ./Middlewares/Third_Party/FatFs/src/ff.o (__aeabi_idiv)
c:/st/stm32cubeide_1.10.1/stm32cubeide/plugins/com.st.stm32cube.ide.mcu.externaltools.gnu-tools-for-stm32.10.3-2021.10.win32_1.0.0.202111181127/tools/bin/../lib/gcc/arm-none-eabi/10.3.1/thumb/v6-m/nofp\libgcc.a(_dvmd_tls.o)
                              c:/st/stm32cubeide_1.10.1/stm32cubeide/plugins/com.st.stm32cube.ide.mcu.externaltools.gnu-tools-for-stm32.10.3-2021.10.win32_1.0.0.202111181127/tools/bin/../lib/gcc/arm-none-eabi/10.3.1/thumb/v6-m/nofp\libgcc.a(_udivsi3.o) (__aeabi_idiv0)

Discarded input sections

 .text          0x0000000000000000        0x0 c:/st/stm32cubeide_1.10.1/stm32cubeide/plugins/com.st.stm32cube.ide.mcu.externaltools.gnu-tools-for-stm32.10.3-2021.10.win32_1.0.0.202111181127/tools/bin/../lib/gcc/arm-none-eabi/10.3.1/thumb/v6-m/nofp/crti.o
 .data          0x0000000000000000        0x0 c:/st/stm32cubeide_1.10.1/stm32cubeide/plugins/com.st.stm32cube.ide.mcu.externaltools.gnu-tools-for-stm32.10.3-2021.10.win32_1.0.0.202111181127/tools/bin/../lib/gcc/arm-none-eabi/10.3.1/thumb/v6-m/nofp/crti.o
 .bss           0x0000000000000000        0x0 c:/st/stm32cubeide_1.10.1/stm32cubeide/plugins/com.st.stm32cube.ide.mcu.externaltools.gnu-tools-for-stm32.10.3-2021.10.win32_1.0.0.202111181127/tools/bin/../lib/gcc/arm-none-eabi/10.3.1/thumb/v6-m/nofp/crti.o
 .data          0x0000000000000000        0x4 c:/st/stm32cubeide_1.10.1/stm32cubeide/plugins/com.st.stm32cube.ide.mcu.externaltools.gnu-tools-for-stm32.10.3-2021.10.win32_1.0.0.202111181127/tools/bin/../lib/gcc/arm-none-eabi/10.3.1/thumb/v6-m/nofp/crtbegin.o
 .rodata        0x0000000000000000       0x24 c:/st/stm32cubeide_1.10.1/stm32cubeide/plugins/com.st.stm32cube.ide.mcu.externaltools.gnu-tools-for-stm32.10.3-2021.10.win32_1.0.0.202111181127/tools/bin/../lib/gcc/arm-none-eabi/10.3.1/thumb/v6-m/nofp/crtbegin.o
[...]
Memory Configuration

Name             Origin             Length             Attributes
RAM              0x0000000020000000 0x0000000000002000 xrw
FLASH            0x0000000008000000 0x0000000000010000 xr
*default*        0x0000000000000000 0xffffffffffffffff

Linker script and memory map

LOAD c:/st/stm32cubeide_1.10.1/stm32cubeide/plugins/com.st.stm32cube.ide.mcu.externaltools.gnu-tools-for-stm32.10.3-2021.10.win32_1.0.0.202111181127/tools/bin/../lib/gcc/arm-none-eabi/10.3.1/thumb/v6-m/nofp/crti.o
LOAD c:/st/stm32cubeide_1.10.1/stm32cubeide/plugins/com.st.stm32cube.ide.mcu.externaltools.gnu-tools-for-stm32.10.3-2021.10.win32_1.0.0.202111181127/tools/bin/../lib/gcc/arm-none-eabi/10.3.1/thumb/v6-m/nofp/crtbegin.o
LOAD c:/st/stm32cubeide_1.10.1/stm32cubeide/plugins/com.st.stm32cube.ide.mcu.externaltools.gnu-tools-for-stm32.10.3-2021.10.win32_1.0.0.202111181127/tools/bin/../lib/gcc/arm-none-eabi/10.3.1/../../../../arm-none-eabi/lib/thumb/v6-m/nofp/crt0.o
LOAD ./Core/Src/fatfs_sd.o
LOAD ./Core/Src/main.o
LOAD ./Core/Src/stm32f0xx_hal_msp.o
LOAD ./Core/Src/stm32f0xx_it.o
LOAD ./Core/Src/syscalls.o
LOAD ./Core/Src/sysmem.o
LOAD ./Core/Src/system_stm32f0xx.o
LOAD ./Core/Startup/startup_stm32f051r8tx.o
LOAD ./Drivers/STM32F0xx_HAL_Driver/Src/stm32f0xx_hal.o
LOAD ./Drivers/STM32F0xx_HAL_Driver/Src/stm32f0xx_hal_cortex.o
LOAD ./Drivers/STM32F0xx_HAL_Driver/Src/stm32f0xx_hal_dma.o
LOAD ./Drivers/STM32F0xx_HAL_Driver/Src/stm32f0xx_hal_exti.o
LOAD ./Drivers/STM32F0xx_HAL_Driver/Src/stm32f0xx_hal_flash.o
LOAD ./Drivers/STM32F0xx_HAL_Driver/Src/stm32f0xx_hal_flash_ex.o
LOAD ./Drivers/STM32F0xx_HAL_Driver/Src/stm32f0xx_hal_gpio.o
LOAD ./Drivers/STM32F0xx_HAL_Driver/Src/stm32f0xx_hal_i2c.o
LOAD ./Drivers/STM32F0xx_HAL_Driver/Src/stm32f0xx_hal_i2c_ex.o
LOAD ./Drivers/STM32F0xx_HAL_Driver/Src/stm32f0xx_hal_pwr.o
LOAD ./Drivers/STM32F0xx_HAL_Driver/Src/stm32f0xx_hal_pwr_ex.o
LOAD ./Drivers/STM32F0xx_HAL_Driver/Src/stm32f0xx_hal_rcc.o
LOAD ./Drivers/STM32F0xx_HAL_Driver/Src/stm32f0xx_hal_rcc_ex.o
LOAD ./Drivers/STM32F0xx_HAL_Driver/Src/stm32f0xx_hal_spi.o
LOAD ./Drivers/STM32F0xx_HAL_Driver/Src/stm32f0xx_hal_spi_ex.o
LOAD ./Drivers/STM32F0xx_HAL_Driver/Src/stm32f0xx_hal_tim.o
LOAD ./Drivers/STM32F0xx_HAL_Driver/Src/stm32f0xx_hal_tim_ex.o
LOAD ./FATFS/App/fatfs.o
LOAD ./FATFS/Target/user_diskio.o
LOAD ./Middlewares/Third_Party/FatFs/src/diskio.o
LOAD ./Middlewares/Third_Party/FatFs/src/ff.o
LOAD ./Middlewares/Third_Party/FatFs/src/ff_gen_drv.o
LOAD ./Middlewares/Third_Party/FatFs/src/option/ccsbcs.o
LOAD ./Middlewares/Third_Party/FatFs/src/option/syscall.o
START GROUP
LOAD c:/st/stm32cubeide_1.10.1/stm32cubeide/plugins/com.st.stm32cube.ide.mcu.externaltools.gnu-tools-for-stm32.10.3-2021.10.win32_1.0.0.202111181127/tools/bin/../lib/gcc/arm-none-eabi/10.3.1/../../../../arm-none-eabi/lib/thumb/v6-m/nofp\libc_nano.a
LOAD c:/st/stm32cubeide_1.10.1/stm32cubeide/plugins/com.st.stm32cube.ide.mcu.externaltools.gnu-tools-for-stm32.10.3-2021.10.win32_1.0.0.202111181127/tools/bin/../lib/gcc/arm-none-eabi/10.3.1/../../../../arm-none-eabi/lib/thumb/v6-m/nofp\libm.a
END GROUP
START GROUP
LOAD c:/st/stm32cubeide_1.10.1/stm32cubeide/plugins/com.st.stm32cube.ide.mcu.externaltools.gnu-tools-for-stm32.10.3-2021.10.win32_1.0.0.202111181127/tools/bin/../lib/gcc/arm-none-eabi/10.3.1/thumb/v6-m/nofp\libgcc.a
LOAD c:/st/stm32cubeide_1.10.1/stm32cubeide/plugins/com.st.stm32cube.ide.mcu.externaltools.gnu-tools-for-stm32.10.3-2021.10.win32_1.0.0.202111181127/tools/bin/../lib/gcc/arm-none-eabi/10.3.1/../../../../arm-none-eabi/lib/thumb/v6-m/nofp\libc_nano.a
END GROUP
START GROUP
LOAD c:/st/stm32cubeide_1.10.1/stm32cubeide/plugins/com.st.stm32cube.ide.mcu.externaltools.gnu-tools-for-stm32.10.3-2021.10.win32_1.0.0.202111181127/tools/bin/../lib/gcc/arm-none-eabi/10.3.1/thumb/v6-m/nofp\libgcc.a
LOAD c:/st/stm32cubeide_1.10.1/stm32cubeide/plugins/com.st.stm32cube.ide.mcu.externaltools.gnu-tools-for-stm32.10.3-2021.10.win32_1.0.0.202111181127/tools/bin/../lib/gcc/arm-none-eabi/10.3.1/../../../../arm-none-eabi/lib/thumb/v6-m/nofp\libc_nano.a
LOAD c:/st/stm32cubeide_1.10.1/stm32cubeide/plugins/com.st.stm32cube.ide.mcu.externaltools.gnu-tools-for-stm32.10.3-2021.10.win32_1.0.0.202111181127/tools/bin/../lib/gcc/arm-none-eabi/10.3.1/../../../../arm-none-eabi/lib/thumb/v6-m/nofp\libnosys.a
END GROUP
START GROUP
LOAD c:/st/stm32cubeide_1.10.1/stm32cubeide/plugins/com.st.stm32cube.ide.mcu.externaltools.gnu-tools-for-stm32.10.3-2021.10.win32_1.0.0.202111181127/tools/bin/../lib/gcc/arm-none-eabi/10.3.1/thumb/v6-m/nofp\libgcc.a
LOAD c:/st/stm32cubeide_1.10.1/stm32cubeide/plugins/com.st.stm32cube.ide.mcu.externaltools.gnu-tools-for-stm32.10.3-2021.10.win32_1.0.0.202111181127/tools/bin/../lib/gcc/arm-none-eabi/10.3.1/../../../../arm-none-eabi/lib/thumb/v6-m/nofp\libc_nano.a
LOAD c:/st/stm32cubeide_1.10.1/stm32cubeide/plugins/com.st.stm32cube.ide.mcu.externaltools.gnu-tools-for-stm32.10.3-2021.10.win32_1.0.0.202111181127/tools/bin/../lib/gcc/arm-none-eabi/10.3.1/../../../../arm-none-eabi/lib/thumb/v6-m/nofp\libnosys.a
END GROUP
LOAD c:/st/stm32cubeide_1.10.1/stm32cubeide/plugins/com.st.stm32cube.ide.mcu.externaltools.gnu-tools-for-stm32.10.3-2021.10.win32_1.0.0.202111181127/tools/bin/../lib/gcc/arm-none-eabi/10.3.1/thumb/v6-m/nofp/crtend.o
LOAD c:/st/stm32cubeide_1.10.1/stm32cubeide/plugins/com.st.stm32cube.ide.mcu.externaltools.gnu-tools-for-stm32.10.3-2021.10.win32_1.0.0.202111181127/tools/bin/../lib/gcc/arm-none-eabi/10.3.1/thumb/v6-m/nofp/crtn.o
                0x0000000020002000                _estack = (ORIGIN (RAM) + LENGTH (RAM))
                0x0000000000000200                _Min_Heap_Size = 0x200
                0x0000000000000400                _Min_Stack_Size = 0x400

.isr_vector     0x0000000008000000       0xc0
                0x0000000008000000                . = ALIGN (0x4)
 *(.isr_vector)
 .isr_vector    0x0000000008000000       0xc0 ./Core/Startup/startup_stm32f051r8tx.o
                0x0000000008000000                g_pfnVectors
                0x00000000080000c0                . = ALIGN (0x4)

.text           0x00000000080000c0     0x6488
                0x00000000080000c0                . = ALIGN (0x4)
 *(.text)
 .text          0x00000000080000c0       0x48 c:/st/stm32cubeide_1.10.1/stm32cubeide/plugins/com.st.stm32cube.ide.mcu.externaltools.gnu-tools-for-stm32.10.3-2021.10.win32_1.0.0.202111181127/tools/bin/../lib/gcc/arm-none-eabi/10.3.1/thumb/v6-m/nofp/crtbegin.o
 .text          0x0000000008000108      0x114 c:/st/stm32cubeide_1.10.1/stm32cubeide/plugins/com.st.stm32cube.ide.mcu.externaltools.gnu-tools-for-stm32.10.3-2021.10.win32_1.0.0.202111181127/tools/bin/../lib/gcc/arm-none-eabi/10.3.1/thumb/v6-m/nofp\libgcc.a(_udivsi3.o)
                0x0000000008000108                __aeabi_uidiv
                0x0000000008000108                __udivsi3
                0x0000000008000214                __aeabi_uidivmod
 .text          0x000000000800021c        0x4 c:/st/stm32cubeide_1.10.1/stm32cubeide/plugins/com.st.stm32cube.ide.mcu.externaltools.gnu-tools-for-stm32.10.3-2021.10.win32_1.0.0.202111181127/tools/bin/../lib/gcc/arm-none-eabi/10.3.1/thumb/v6-m/nofp\libgcc.a(_dvmd_tls.o)
                0x000000000800021c                __aeabi_idiv0
                0x000000000800021c                __aeabi_ldiv0
 *(.text*)
 .text.SELECT   0x0000000008000220       0x1e ./Core/Src/fatfs_sd.o
 .text.DESELECT
                0x000000000800023e       0x1e ./Core/Src/fatfs_sd.o
 .text.SPI_TxByte
                0x000000000800025c       0x34 ./Core/Src/fatfs_sd.o
 .text.SPI_TxBuffer
                0x0000000008000290       0x38 ./Core/Src/fatfs_sd.o
 .text.SPI_RxByte
                0x00000000080002c8       0x3c ./Core/Src/fatfs_sd.o
 .text.SPI_RxBytePtr
                0x0000000008000304       0x1c ./Core/Src/fatfs_sd.o
 .text.SD_ReadyWait
                0x0000000008000320       0x3c ./Core/Src/fatfs_sd.o
 .text.SD_PowerOn
                0x000000000800035c       0x90 ./Core/Src/fatfs_sd.o
 .text.SD_PowerOff
                0x00000000080003ec       0x14 ./Core/Src/fatfs_sd.o
 .text.SD_CheckPower
                0x0000000008000400       0x14 ./Core/Src/fatfs_sd.o
 .text.SD_RxDataBlock
                0x0000000008000414       0x68 ./Core/Src/fatfs_sd.o
 .text.SD_TxDataBlock
                0x000000000800047c       0xa6 ./Core/Src/fatfs_sd.o
 .text.SD_SendCmd
                0x0000000008000522       0xd8 ./Core/Src/fatfs_sd.o
 *fill*         0x00000000080005fa        0x2 
 .text.SD_disk_initialize
                0x00000000080005fc      0x21c ./Core/Src/fatfs_sd.o
                0x00000000080005fc                SD_disk_initialize
 .text.SD_disk_status
                0x0000000008000818       0x2c ./Core/Src/fatfs_sd.o
                0x0000000008000818                SD_disk_status
 .text.SD_disk_read
                0x0000000008000844       0xe0 ./Core/Src/fatfs_sd.o
                0x0000000008000844                SD_disk_read
 .text.SD_disk_write
                0x0000000008000924      0x110 ./Core/Src/fatfs_sd.o
                0x0000000008000924                SD_disk_write
 .text.SD_disk_ioctl
                0x0000000008000a34      0x26c ./Core/Src/fatfs_sd.o
                0x0000000008000a34                SD_disk_ioctl
 .text.main     0x0000000008000ca0       0x88 ./Core/Src/main.o
                0x0000000008000ca0                main
 .text.SystemClock_Config
                0x0000000008000d28       0x94 ./Core/Src/main.o
                0x0000000008000d28                SystemClock_Config
 .text.MX_SPI1_Init
                0x0000000008000dbc       0x7c ./Core/Src/main.o
 .text.MX_GPIO_Init
                0x0000000008000e38       0xec ./Core/Src/main.o
 .text.Error_Handler
                0x0000000008000f24        0xa ./Core/Src/main.o
                0x0000000008000f24                Error_Handler
 *fill*         0x0000000008000f2e        0x2 
 .text.HAL_MspInit
                0x0000000008000f30       0x48 ./Core/Src/stm32f0xx_hal_msp.o
                0x0000000008000f30                HAL_MspInit
 .text.HAL_SPI_MspInit
                0x0000000008000f78       0x98 ./Core/Src/stm32f0xx_hal_msp.o
                0x0000000008000f78                HAL_SPI_MspInit
 .text.SDTimer_Handler
                0x0000000008001010       0x44 ./Core/Src/stm32f0xx_it.o
                0x0000000008001010                SDTimer_Handler
 .text.NMI_Handler
                0x0000000008001054        0x6 ./Core/Src/stm32f0xx_it.o
                0x0000000008001054                NMI_Handler
 .text.HardFault_Handler
                0x000000000800105a        0x6 ./Core/Src/stm32f0xx_it.o
                0x000000000800105a                HardFault_Handler
 .text.SVC_Handler
                0x0000000008001060        0xa ./Core/Src/stm32f0xx_it.o
                0x0000000008001060                SVC_Handler
 .text.PendSV_Handler
                0x000000000800106a        0xa ./Core/Src/stm32f0xx_it.o
                0x000000000800106a                PendSV_Handler
 .text.SysTick_Handler
                0x0000000008001074       0x34 ./Core/Src/stm32f0xx_it.o
                0x0000000008001074                SysTick_Handler
 .text.SystemInit
                0x00000000080010a8        0xa ./Core/Src/system_stm32f0xx.o
                0x00000000080010a8                SystemInit
 *fill*         0x00000000080010b2        0x2 
 .text.Reset_Handler
                0x00000000080010b4       0x50 ./Core/Startup/startup_stm32f051r8tx.o
                0x00000000080010b4                Reset_Handler
 .text.Default_Handler
                0x0000000008001104        0x2 ./Core/Startup/startup_stm32f051r8tx.o
                0x0000000008001104                TIM1_CC_IRQHandler
                0x0000000008001104                TSC_IRQHandler
                0x0000000008001104                ADC1_COMP_IRQHandler
                0x0000000008001104                PVD_IRQHandler
                0x0000000008001104                I2C1_IRQHandler
                0x0000000008001104                RCC_CRS_IRQHandler
                0x0000000008001104                SPI1_IRQHandler
                0x0000000008001104                TIM6_DAC_IRQHandler
                0x0000000008001104                EXTI2_3_IRQHandler
                0x0000000008001104                I2C2_IRQHandler
                0x0000000008001104                TIM17_IRQHandler
                0x0000000008001104                CEC_CAN_IRQHandler
                0x0000000008001104                RTC_IRQHandler
                0x0000000008001104                TIM16_IRQHandler
                0x0000000008001104                TIM3_IRQHandler
                0x0000000008001104                EXTI4_15_IRQHandler
                0x0000000008001104                DMA1_Channel1_IRQHandler
                0x0000000008001104                Default_Handler
                0x0000000008001104                TIM14_IRQHandler
                0x0000000008001104                DMA1_Channel4_5_IRQHandler
                0x0000000008001104                TIM15_IRQHandler
                0x0000000008001104                EXTI0_1_IRQHandler
                0x0000000008001104                SPI2_IRQHandler
                0x0000000008001104                WWDG_IRQHandler
                0x0000000008001104                TIM2_IRQHandler
                0x0000000008001104                DMA1_Channel2_3_IRQHandler
                0x0000000008001104                USART2_IRQHandler
                0x0000000008001104                FLASH_IRQHandler
                0x0000000008001104                USART1_IRQHandler
                0x0000000008001104                TIM1_BRK_UP_TRG_COM_IRQHandler
 *fill*         0x0000000008001106        0x2 
 .text.HAL_Init
                0x0000000008001108       0x28 ./Drivers/STM32F0xx_HAL_Driver/Src/stm32f0xx_hal.o
                0x0000000008001108                HAL_Init
 .text.HAL_InitTick
                0x0000000008001130       0x68 ./Drivers/STM32F0xx_HAL_Driver/Src/stm32f0xx_hal.o
                0x0000000008001130                HAL_InitTick
 .text.HAL_IncTick
                0x0000000008001198       0x24 ./Drivers/STM32F0xx_HAL_Driver/Src/stm32f0xx_hal.o
                0x0000000008001198                HAL_IncTick
 .text.HAL_GetTick
                0x00000000080011bc       0x14 ./Drivers/STM32F0xx_HAL_Driver/Src/stm32f0xx_hal.o
                0x00000000080011bc                HAL_GetTick
 .text.HAL_Delay
                0x00000000080011d0       0x48 ./Drivers/STM32F0xx_HAL_Driver/Src/stm32f0xx_hal.o
                0x00000000080011d0                HAL_Delay
 .text.__NVIC_SetPriority
                0x0000000008001218       0xdc ./Drivers/STM32F0xx_HAL_Driver/Src/stm32f0xx_hal_cortex.o
 .text.SysTick_Config
                0x00000000080012f4       0x48 ./Drivers/STM32F0xx_HAL_Driver/Src/stm32f0xx_hal_cortex.o
 .text.HAL_NVIC_SetPriority
                0x000000000800133c       0x2a ./Drivers/STM32F0xx_HAL_Driver/Src/stm32f0xx_hal_cortex.o
                0x000000000800133c                HAL_NVIC_SetPriority
 .text.HAL_SYSTICK_Config
                0x0000000008001366       0x1a ./Drivers/STM32F0xx_HAL_Driver/Src/stm32f0xx_hal_cortex.o
                0x0000000008001366                HAL_SYSTICK_Config
 .text.HAL_GPIO_Init
                0x0000000008001380      0x2e0 ./Drivers/STM32F0xx_HAL_Driver/Src/stm32f0xx_hal_gpio.o
                0x0000000008001380                HAL_GPIO_Init
 .text.HAL_GPIO_WritePin
                0x0000000008001660       0x3a ./Drivers/STM32F0xx_HAL_Driver/Src/stm32f0xx_hal_gpio.o
                0x0000000008001660                HAL_GPIO_WritePin
 *fill*         0x000000000800169a        0x2 
 .text.HAL_RCC_OscConfig
                0x000000000800169c      0x634 ./Drivers/STM32F0xx_HAL_Driver/Src/stm32f0xx_hal_rcc.o
                0x000000000800169c                HAL_RCC_OscConfig
 .text.HAL_RCC_ClockConfig
                0x0000000008001cd0      0x19c ./Drivers/STM32F0xx_HAL_Driver/Src/stm32f0xx_hal_rcc.o
                0x0000000008001cd0                HAL_RCC_ClockConfig
 .text.HAL_RCC_GetSysClockFreq
                0x0000000008001e6c       0xc8 ./Drivers/STM32F0xx_HAL_Driver/Src/stm32f0xx_hal_rcc.o
                0x0000000008001e6c                HAL_RCC_GetSysClockFreq
 .text.HAL_SPI_Init
                0x0000000008001f34      0x170 ./Drivers/STM32F0xx_HAL_Driver/Src/stm32f0xx_hal_spi.o
                0x0000000008001f34                HAL_SPI_Init
 .text.HAL_SPI_Transmit
                0x00000000080020a4      0x2b0 ./Drivers/STM32F0xx_HAL_Driver/Src/stm32f0xx_hal_spi.o
                0x00000000080020a4                HAL_SPI_Transmit
 .text.HAL_SPI_TransmitReceive
                0x0000000008002354      0x3a4 ./Drivers/STM32F0xx_HAL_Driver/Src/stm32f0xx_hal_spi.o
                0x0000000008002354                HAL_SPI_TransmitReceive
 .text.SPI_WaitFlagStateUntilTimeout
                0x00000000080026f8      0x11c ./Drivers/STM32F0xx_HAL_Driver/Src/stm32f0xx_hal_spi.o
 .text.SPI_WaitFifoStateUntilTimeout
                0x0000000008002814      0x144 ./Drivers/STM32F0xx_HAL_Driver/Src/stm32f0xx_hal_spi.o
 .text.SPI_EndRxTxTransaction
                0x0000000008002958       0x8c ./Drivers/STM32F0xx_HAL_Driver/Src/stm32f0xx_hal_spi.o
 .text.MX_FATFS_Init
                0x00000000080029e4       0x2c ./FATFS/App/fatfs.o
                0x00000000080029e4                MX_FATFS_Init
 .text.get_fattime
                0x0000000008002a10        0xc ./FATFS/App/fatfs.o
                0x0000000008002a10                get_fattime
 .text.USER_initialize
                0x0000000008002a1c       0x22 ./FATFS/Target/user_diskio.o
                0x0000000008002a1c                USER_initialize
 .text.USER_status
                0x0000000008002a3e       0x22 ./FATFS/Target/user_diskio.o
                0x0000000008002a3e                USER_status
 .text.USER_read
                0x0000000008002a60       0x2e ./FATFS/Target/user_diskio.o
                0x0000000008002a60                USER_read
 .text.USER_write
                0x0000000008002a8e       0x2e ./FATFS/Target/user_diskio.o
                0x0000000008002a8e                USER_write
 .text.USER_ioctl
                0x0000000008002abc       0x30 ./FATFS/Target/user_diskio.o
                0x0000000008002abc                USER_ioctl
 .text.disk_status
                0x0000000008002aec       0x44 ./Middlewares/Third_Party/FatFs/src/diskio.o
                0x0000000008002aec                disk_status
 .text.disk_initialize
                0x0000000008002b30       0x60 ./Middlewares/Third_Party/FatFs/src/diskio.o
                0x0000000008002b30                disk_initialize
 .text.disk_read
                0x0000000008002b90       0x50 ./Middlewares/Third_Party/FatFs/src/diskio.o
                0x0000000008002b90                disk_read
 .text.disk_write
                0x0000000008002be0       0x50 ./Middlewares/Third_Party/FatFs/src/diskio.o
                0x0000000008002be0                disk_write
 .text.disk_ioctl
                0x0000000008002c30       0x50 ./Middlewares/Third_Party/FatFs/src/diskio.o
                0x0000000008002c30                disk_ioctl
 .text.mem_cpy  0x0000000008002c80       0x3a ./Middlewares/Third_Party/FatFs/src/ff.o
 .text.mem_set  0x0000000008002cba       0x32 ./Middlewares/Third_Party/FatFs/src/ff.o
 .text.mem_cmp  0x0000000008002cec       0x4a ./Middlewares/Third_Party/FatFs/src/ff.o
 .text.chk_chr  0x0000000008002d36       0x32 ./Middlewares/Third_Party/FatFs/src/ff.o
 .text.chk_lock
                0x0000000008002d68       0xe0 ./Middlewares/Third_Party/FatFs/src/ff.o
 .text.enq_lock
                0x0000000008002e48       0x40 ./Middlewares/Third_Party/FatFs/src/ff.o
 .text.inc_lock
                0x0000000008002e88      0x170 ./Middlewares/Third_Party/FatFs/src/ff.o
 .text.dec_lock
                0x0000000008002ff8       0xa8 ./Middlewares/Third_Party/FatFs/src/ff.o
 .text.clear_lock
                0x00000000080030a0       0x4c ./Middlewares/Third_Party/FatFs/src/ff.o
 .text.sync_window
                0x00000000080030ec       0xb0 ./Middlewares/Third_Party/FatFs/src/ff.o
 .text.move_window
                0x000000000800319c       0x74 ./Middlewares/Third_Party/FatFs/src/ff.o
 .text.sync_fs  0x0000000008003210      0x1a8 ./Middlewares/Third_Party/FatFs/src/ff.o
 .text.clust2sect
                0x00000000080033b8       0x4c ./Middlewares/Third_Party/FatFs/src/ff.o
                0x00000000080033b8                clust2sect
 .text.get_fat  0x0000000008003404      0x1fc ./Middlewares/Third_Party/FatFs/src/ff.o
                0x0000000008003404                get_fat
 .text.put_fat  0x0000000008003600      0x2d0 ./Middlewares/Third_Party/FatFs/src/ff.o
                0x0000000008003600                put_fat
 .text.remove_chain
                0x00000000080038d0       0xe0 ./Middlewares/Third_Party/FatFs/src/ff.o
 .text.create_chain
                0x00000000080039b0      0x168 ./Middlewares/Third_Party/FatFs/src/ff.o
 .text.clmt_clust
                0x0000000008003b18       0x8c ./Middlewares/Third_Party/FatFs/src/ff.o
 .text.dir_sdi  0x0000000008003ba4      0x1a8 ./Middlewares/Third_Party/FatFs/src/ff.o
 .text.dir_next
                0x0000000008003d4c      0x284 ./Middlewares/Third_Party/FatFs/src/ff.o
 .text.dir_alloc
                0x0000000008003fd0       0xc0 ./Middlewares/Third_Party/FatFs/src/ff.o
 .text.ld_clust
                0x0000000008004090       0x5a ./Middlewares/Third_Party/FatFs/src/ff.o
 .text.st_clust
                0x00000000080040ea       0x4a ./Middlewares/Third_Party/FatFs/src/ff.o
 .text.cmp_lfn  0x0000000008004134       0xfc ./Middlewares/Third_Party/FatFs/src/ff.o
 .text.fit_lfn  0x0000000008004230      0x108 ./Middlewares/Third_Party/FatFs/src/ff.o
 .text.gen_numname
                0x0000000008004338      0x128 ./Middlewares/Third_Party/FatFs/src/ff.o
 .text.sum_sfn  0x0000000008004460       0x4a ./Middlewares/Third_Party/FatFs/src/ff.o
 *fill*         0x00000000080044aa        0x2 
 .text.dir_find
                0x00000000080044ac      0x20c ./Middlewares/Third_Party/FatFs/src/ff.o
 .text.dir_register
                0x00000000080046b8      0x270 ./Middlewares/Third_Party/FatFs/src/ff.o
 .text.create_name
                0x0000000008004928      0x410 ./Middlewares/Third_Party/FatFs/src/ff.o
 .text.follow_path
                0x0000000008004d38      0x114 ./Middlewares/Third_Party/FatFs/src/ff.o
 .text.get_ldnumber
                0x0000000008004e4c       0x84 ./Middlewares/Third_Party/FatFs/src/ff.o
 .text.check_fs
                0x0000000008004ed0       0xe0 ./Middlewares/Third_Party/FatFs/src/ff.o
 .text.find_volume
                0x0000000008004fb0      0x6b4 ./Middlewares/Third_Party/FatFs/src/ff.o
 .text.validate
                0x0000000008005664       0x7c ./Middlewares/Third_Party/FatFs/src/ff.o
 .text.f_mount  0x00000000080056e0       0xa0 ./Middlewares/Third_Party/FatFs/src/ff.o
                0x00000000080056e0                f_mount
 .text.f_open   0x0000000008005780      0x520 ./Middlewares/Third_Party/FatFs/src/ff.o
                0x0000000008005780                f_open
 .text.f_write  0x0000000008005ca0      0x44c ./Middlewares/Third_Party/FatFs/src/ff.o
                0x0000000008005ca0                f_write
 .text.f_sync   0x00000000080060ec      0x1b4 ./Middlewares/Third_Party/FatFs/src/ff.o
                0x00000000080060ec                f_sync
 .text.f_close  0x00000000080062a0       0x6c ./Middlewares/Third_Party/FatFs/src/ff.o
                0x00000000080062a0                f_close
 .text.FATFS_LinkDriverEx
                0x000000000800630c       0xa8 ./Middlewares/Third_Party/FatFs/src/ff_gen_drv.o
                0x000000000800630c                FATFS_LinkDriverEx
 .text.FATFS_LinkDriver
                0x00000000080063b4       0x20 ./Middlewares/Third_Party/FatFs/src/ff_gen_drv.o
                0x00000000080063b4                FATFS_LinkDriver
 .text.ff_convert
                0x00000000080063d4       0xa4 ./Middlewares/Third_Party/FatFs/src/option/ccsbcs.o
                0x00000000080063d4                ff_convert
 .text.ff_wtoupper
                0x0000000008006478       0x60 ./Middlewares/Third_Party/FatFs/src/option/ccsbcs.o
                0x0000000008006478                ff_wtoupper
 .text.__libc_init_array
                0x00000000080064d8       0x48 c:/st/stm32cubeide_1.10.1/stm32cubeide/plugins/com.st.stm32cube.ide.mcu.externaltools.gnu-tools-for-stm32.10.3-2021.10.win32_1.0.0.202111181127/tools/bin/../lib/gcc/arm-none-eabi/10.3.1/../../../../arm-none-eabi/lib/thumb/v6-m/nofp\libc_nano.a(lib_a-init.o)
                0x00000000080064d8                __libc_init_array
 .text.memset   0x0000000008006520       0x10 c:/st/stm32cubeide_1.10.1/stm32cubeide/plugins/com.st.stm32cube.ide.mcu.externaltools.gnu-tools-for-stm32.10.3-2021.10.win32_1.0.0.202111181127/tools/bin/../lib/gcc/arm-none-eabi/10.3.1/../../../../arm-none-eabi/lib/thumb/v6-m/nofp\libc_nano.a(lib_a-memset.o)
                0x0000000008006520                memset
 *(.glue_7)
 .glue_7        0x0000000008006530        0x0 linker stubs
 *(.glue_7t)
 .glue_7t       0x0000000008006530        0x0 linker stubs
 *(.eh_frame)
 .eh_frame      0x0000000008006530        0x0 c:/st/stm32cubeide_1.10.1/stm32cubeide/plugins/com.st.stm32cube.ide.mcu.externaltools.gnu-tools-for-stm32.10.3-2021.10.win32_1.0.0.202111181127/tools/bin/../lib/gcc/arm-none-eabi/10.3.1/thumb/v6-m/nofp/crtbegin.o
 *(.init)
 .init          0x0000000008006530        0x4 c:/st/stm32cubeide_1.10.1/stm32cubeide/plugins/com.st.stm32cube.ide.mcu.externaltools.gnu-tools-for-stm32.10.3-2021.10.win32_1.0.0.202111181127/tools/bin/../lib/gcc/arm-none-eabi/10.3.1/thumb/v6-m/nofp/crti.o
                0x0000000008006530                _init
 .init          0x0000000008006534        0x8 c:/st/stm32cubeide_1.10.1/stm32cubeide/plugins/com.st.stm32cube.ide.mcu.externaltools.gnu-tools-for-stm32.10.3-2021.10.win32_1.0.0.202111181127/tools/bin/../lib/gcc/arm-none-eabi/10.3.1/thumb/v6-m/nofp/crtn.o
 *(.fini)
 .fini          0x000000000800653c        0x4 c:/st/stm32cubeide_1.10.1/stm32cubeide/plugins/com.st.stm32cube.ide.mcu.externaltools.gnu-tools-for-stm32.10.3-2021.10.win32_1.0.0.202111181127/tools/bin/../lib/gcc/arm-none-eabi/10.3.1/thumb/v6-m/nofp/crti.o
                0x000000000800653c                _fini
 .fini          0x0000000008006540        0x8 c:/st/stm32cubeide_1.10.1/stm32cubeide/plugins/com.st.stm32cube.ide.mcu.externaltools.gnu-tools-for-stm32.10.3-2021.10.win32_1.0.0.202111181127/tools/bin/../lib/gcc/arm-none-eabi/10.3.1/thumb/v6-m/nofp/crtn.o
                0x0000000008006548                . = ALIGN (0x4)
                0x0000000008006548                _etext = .

.vfp11_veneer   0x0000000008006548        0x0
 .vfp11_veneer  0x0000000008006548        0x0 linker stubs

.v4_bx          0x0000000008006548        0x0
 .v4_bx         0x0000000008006548        0x0 linker stubs

.iplt           0x0000000008006548        0x0
 .iplt          0x0000000008006548        0x0 c:/st/stm32cubeide_1.10.1/stm32cubeide/plugins/com.st.stm32cube.ide.mcu.externaltools.gnu-tools-for-stm32.10.3-2021.10.win32_1.0.0.202111181127/tools/bin/../lib/gcc/arm-none-eabi/10.3.1/thumb/v6-m/nofp/crtbegin.o

.rodata         0x0000000008006548      0x610
                0x0000000008006548                . = ALIGN (0x4)
 *(.rodata)
 .rodata        0x0000000008006548        0xe ./Core/Src/main.o
 *fill*         0x0000000008006556        0x2 
 .rodata        0x0000000008006558       0x20 ./Drivers/STM32F0xx_HAL_Driver/Src/stm32f0xx_hal_rcc.o
 .rodata        0x0000000008006578       0x48 ./Middlewares/Third_Party/FatFs/src/ff.o
 *(.rodata*)
 .rodata.SD_disk_ioctl
                0x00000000080065c0       0x38 ./Core/Src/fatfs_sd.o
 .rodata.AHBPrescTable
                0x00000000080065f8       0x10 ./Core/Src/system_stm32f0xx.o
                0x00000000080065f8                AHBPrescTable
 .rodata.ExCvt  0x0000000008006608       0x80 ./Middlewares/Third_Party/FatFs/src/ff.o
 .rodata.LfnOfs
                0x0000000008006688        0xd ./Middlewares/Third_Party/FatFs/src/ff.o
 *fill*         0x0000000008006695        0x3 
 .rodata.Tbl    0x0000000008006698      0x100 ./Middlewares/Third_Party/FatFs/src/option/ccsbcs.o
 .rodata.tbl_lower.1
                0x0000000008006798      0x1e0 ./Middlewares/Third_Party/FatFs/src/option/ccsbcs.o
 .rodata.tbl_upper.0
                0x0000000008006978      0x1e0 ./Middlewares/Third_Party/FatFs/src/option/ccsbcs.o
                0x0000000008006b58                . = ALIGN (0x4)

.rel.dyn        0x0000000008006b58        0x0
 .rel.iplt      0x0000000008006b58        0x0 c:/st/stm32cubeide_1.10.1/stm32cubeide/plugins/com.st.stm32cube.ide.mcu.externaltools.gnu-tools-for-stm32.10.3-2021.10.win32_1.0.0.202111181127/tools/bin/../lib/gcc/arm-none-eabi/10.3.1/thumb/v6-m/nofp/crtbegin.o

.ARM.extab      0x0000000008006b58        0x0
                0x0000000008006b58                . = ALIGN (0x4)
 *(.ARM.extab* .gnu.linkonce.armextab.*)
                0x0000000008006b58                . = ALIGN (0x4)

.ARM            0x0000000008006b58        0x0
                0x0000000008006b58                . = ALIGN (0x4)
                0x0000000008006b58                __exidx_start = .
 *(.ARM.exidx*)
                0x0000000008006b58                __exidx_end = .
                0x0000000008006b58                . = ALIGN (0x4)

.preinit_array  0x0000000008006b58        0x0
                0x0000000008006b58                . = ALIGN (0x4)
                0x0000000008006b58                PROVIDE (__preinit_array_start = .)
 *(.preinit_array*)
                0x0000000008006b58                PROVIDE (__preinit_array_end = .)
                0x0000000008006b58                . = ALIGN (0x4)

.init_array     0x0000000008006b58        0x4
                0x0000000008006b58                . = ALIGN (0x4)
                0x0000000008006b58                PROVIDE (__init_array_start = .)
 *(SORT_BY_NAME(.init_array.*))
 *(.init_array*)
 .init_array    0x0000000008006b58        0x4 c:/st/stm32cubeide_1.10.1/stm32cubeide/plugins/com.st.stm32cube.ide.mcu.externaltools.gnu-tools-for-stm32.10.3-2021.10.win32_1.0.0.202111181127/tools/bin/../lib/gcc/arm-none-eabi/10.3.1/thumb/v6-m/nofp/crtbegin.o
                0x0000000008006b5c                PROVIDE (__init_array_end = .)
                0x0000000008006b5c                . = ALIGN (0x4)

.fini_array     0x0000000008006b5c        0x4
                0x0000000008006b5c                . = ALIGN (0x4)
                [!provide]                        PROVIDE (__fini_array_start = .)
 *(SORT_BY_NAME(.fini_array.*))
 *(.fini_array*)
 .fini_array    0x0000000008006b5c        0x4 c:/st/stm32cubeide_1.10.1/stm32cubeide/plugins/com.st.stm32cube.ide.mcu.externaltools.gnu-tools-for-stm32.10.3-2021.10.win32_1.0.0.202111181127/tools/bin/../lib/gcc/arm-none-eabi/10.3.1/thumb/v6-m/nofp/crtbegin.o
                [!provide]                        PROVIDE (__fini_array_end = .)
                0x0000000008006b60                . = ALIGN (0x4)
                0x0000000008006b60                _sidata = LOADADDR (.data)

.data           0x0000000020000000       0x30 load address 0x0000000008006b60
                0x0000000020000000                . = ALIGN (0x4)
                0x0000000020000000                _sdata = .
 *(.data)
 *(.data*)
 .data.Stat     0x0000000020000000        0x1 ./Core/Src/fatfs_sd.o
 *fill*         0x0000000020000001        0x3 
 .data.writeData
                0x0000000020000004        0xa ./Core/Src/main.o
                0x0000000020000004                writeData
 .data.btw      0x000000002000000e        0x1 ./Core/Src/main.o
                0x000000002000000e                btw
 *fill*         0x000000002000000f        0x1 
 .data.SystemCoreClock
                0x0000000020000010        0x4 ./Core/Src/system_stm32f0xx.o
                0x0000000020000010                SystemCoreClock
 .data.uwTickPrio
                0x0000000020000014        0x4 ./Drivers/STM32F0xx_HAL_Driver/Src/stm32f0xx_hal.o
                0x0000000020000014                uwTickPrio
 .data.uwTickFreq
                0x0000000020000018        0x1 ./Drivers/STM32F0xx_HAL_Driver/Src/stm32f0xx_hal.o
                0x0000000020000018                uwTickFreq
 *fill*         0x0000000020000019        0x3 
 .data.USER_Driver
                0x000000002000001c       0x14 ./FATFS/Target/user_diskio.o
                0x000000002000001c                USER_Driver
 *(.RamFunc)
 *(.RamFunc*)
                0x0000000020000030                . = ALIGN (0x4)
                0x0000000020000030                _edata = .

.igot.plt       0x0000000020000030        0x0 load address 0x0000000008006b90
 .igot.plt      0x0000000020000030        0x0 c:/st/stm32cubeide_1.10.1/stm32cubeide/plugins/com.st.stm32cube.ide.mcu.externaltools.gnu-tools-for-stm32.10.3-2021.10.win32_1.0.0.202111181127/tools/bin/../lib/gcc/arm-none-eabi/10.3.1/thumb/v6-m/nofp/crtbegin.o
                0x0000000020000030                . = ALIGN (0x4)

.bss            0x0000000020000030     0x12f8 load address 0x0000000008006b90
                0x0000000020000030                _sbss = .
                0x0000000020000030                __bss_start__ = _sbss
 *(.bss)
 .bss           0x0000000020000030       0x1c c:/st/stm32cubeide_1.10.1/stm32cubeide/plugins/com.st.stm32cube.ide.mcu.externaltools.gnu-tools-for-stm32.10.3-2021.10.win32_1.0.0.202111181127/tools/bin/../lib/gcc/arm-none-eabi/10.3.1/thumb/v6-m/nofp/crtbegin.o
 *(.bss*)
 .bss.CardType  0x000000002000004c        0x1 ./Core/Src/fatfs_sd.o
 .bss.PowerFlag
                0x000000002000004d        0x1 ./Core/Src/fatfs_sd.o
 *fill*         0x000000002000004e        0x2 
 .bss.hspi1     0x0000000020000050       0x64 ./Core/Src/main.o
                0x0000000020000050                hspi1
 .bss.fil       0x00000000200000b4     0x102c ./Core/Src/main.o
                0x00000000200000b4                fil
 .bss.fresult   0x00000000200010e0        0x1 ./Core/Src/main.o
                0x00000000200010e0                fresult
 *fill*         0x00000000200010e1        0x3 
 .bss.bw        0x00000000200010e4        0x4 ./Core/Src/main.o
                0x00000000200010e4                bw
 .bss.pfs       0x00000000200010e8        0x4 ./Core/Src/main.o
                0x00000000200010e8                pfs
 .bss.FatFsCnt  0x00000000200010ec        0x1 ./Core/Src/stm32f0xx_it.o
                0x00000000200010ec                FatFsCnt
 .bss.Timer1    0x00000000200010ed        0x1 ./Core/Src/stm32f0xx_it.o
                0x00000000200010ed                Timer1
 .bss.Timer2    0x00000000200010ee        0x1 ./Core/Src/stm32f0xx_it.o
                0x00000000200010ee                Timer2
 *fill*         0x00000000200010ef        0x1 
 .bss.uwTick    0x00000000200010f0        0x4 ./Drivers/STM32F0xx_HAL_Driver/Src/stm32f0xx_hal.o
                0x00000000200010f0                uwTick
 .bss.retUSER   0x00000000200010f4        0x1 ./FATFS/App/fatfs.o
                0x00000000200010f4                retUSER
 *fill*         0x00000000200010f5        0x3 
 .bss.USERPath  0x00000000200010f8        0x4 ./FATFS/App/fatfs.o
                0x00000000200010f8                USERPath
 .bss.FatFs     0x00000000200010fc        0x4 ./Middlewares/Third_Party/FatFs/src/ff.o
 .bss.Fsid      0x0000000020001100        0x2 ./Middlewares/Third_Party/FatFs/src/ff.o
 *fill*         0x0000000020001102        0x2 
 .bss.Files     0x0000000020001104       0x18 ./Middlewares/Third_Party/FatFs/src/ff.o
 .bss.LfnBuf    0x000000002000111c      0x200 ./Middlewares/Third_Party/FatFs/src/ff.o
 .bss.disk      0x000000002000131c        0xc ./Middlewares/Third_Party/FatFs/src/ff_gen_drv.o
                0x000000002000131c                disk
 *(COMMON)
                0x0000000020001328                . = ALIGN (0x4)
                0x0000000020001328                _ebss = .
                0x0000000020001328                __bss_end__ = _ebss

._user_heap_stack
                0x0000000020001328      0x600 load address 0x0000000008006b90
                0x0000000020001328                . = ALIGN (0x8)
                [!provide]                        PROVIDE (end = .)
                0x0000000020001328                PROVIDE (_end = .)
                0x0000000020001528                . = (. + _Min_Heap_Size)
 *fill*         0x0000000020001328      0x200 
                0x0000000020001928                . = (. + _Min_Stack_Size)
 *fill*         0x0000000020001528      0x400 
                0x0000000020001928                . = ALIGN (0x8)

/DISCARD/
 libc.a(*)
 libm.a(*)
 libgcc.a(*)

.ARM.attributes
                0x0000000000000000       0x28
 *(.ARM.attributes)
 .ARM.attributes
                0x0000000000000000       0x1e c:/st/stm32cubeide_1.10.1/stm32cubeide/plugins/com.st.stm32cube.ide.mcu.externaltools.gnu-tools-for-stm32.10.3-2021.10.win32_1.0.0.202111181127/tools/bin/../lib/gcc/arm-none-eabi/10.3.1/thumb/v6-m/nofp/crti.o
 .ARM.attributes
                0x000000000000001e       0x2c c:/st/stm32cubeide_1.10.1/stm32cubeide/plugins/com.st.stm32cube.ide.mcu.externaltools.gnu-tools-for-stm32.10.3-2021.10.win32_1.0.0.202111181127/tools/bin/../lib/gcc/arm-none-eabi/10.3.1/thumb/v6-m/nofp/crtbegin.o
 .ARM.attributes
                0x000000000000004a       0x2c ./Core/Src/fatfs_sd.o
 .ARM.attributes
                0x0000000000000076       0x2c ./Core/Src/main.o
 .ARM.attributes
                0x00000000000000a2       0x2c ./Core/Src/stm32f0xx_hal_msp.o
 .ARM.attributes
                0x00000000000000ce       0x2c ./Core/Src/stm32f0xx_it.o
 .ARM.attributes
                0x00000000000000fa       0x2c ./Core/Src/system_stm32f0xx.o
 .ARM.attributes
                0x0000000000000126       0x21 ./Core/Startup/startup_stm32f051r8tx.o
 .ARM.attributes
                0x0000000000000147       0x2c ./Drivers/STM32F0xx_HAL_Driver/Src/stm32f0xx_hal.o
 .ARM.attributes
                0x0000000000000173       0x2c ./Drivers/STM32F0xx_HAL_Driver/Src/stm32f0xx_hal_cortex.o
 .ARM.attributes
                0x000000000000019f       0x2c ./Drivers/STM32F0xx_HAL_Driver/Src/stm32f0xx_hal_gpio.o
 .ARM.attributes
                0x00000000000001cb       0x2c ./Drivers/STM32F0xx_HAL_Driver/Src/stm32f0xx_hal_rcc.o
 .ARM.attributes
                0x00000000000001f7       0x2c ./Drivers/STM32F0xx_HAL_Driver/Src/stm32f0xx_hal_spi.o
 .ARM.attributes
                0x0000000000000223       0x2c ./FATFS/App/fatfs.o
 .ARM.attributes
                0x000000000000024f       0x2c ./FATFS/Target/user_diskio.o
 .ARM.attributes
                0x000000000000027b       0x2c ./Middlewares/Third_Party/FatFs/src/diskio.o
 .ARM.attributes
                0x00000000000002a7       0x2c ./Middlewares/Third_Party/FatFs/src/ff.o
 .ARM.attributes
                0x00000000000002d3       0x2c ./Middlewares/Third_Party/FatFs/src/ff_gen_drv.o
 .ARM.attributes
                0x00000000000002ff       0x2c ./Middlewares/Third_Party/FatFs/src/option/ccsbcs.o
 .ARM.attributes
                0x000000000000032b       0x2c c:/st/stm32cubeide_1.10.1/stm32cubeide/plugins/com.st.stm32cube.ide.mcu.externaltools.gnu-tools-for-stm32.10.3-2021.10.win32_1.0.0.202111181127/tools/bin/../lib/gcc/arm-none-eabi/10.3.1/../../../../arm-none-eabi/lib/thumb/v6-m/nofp\libc_nano.a(lib_a-init.o)
 .ARM.attributes
                0x0000000000000357       0x2c c:/st/stm32cubeide_1.10.1/stm32cubeide/plugins/com.st.stm32cube.ide.mcu.externaltools.gnu-tools-for-stm32.10.3-2021.10.win32_1.0.0.202111181127/tools/bin/../lib/gcc/arm-none-eabi/10.3.1/../../../../arm-none-eabi/lib/thumb/v6-m/nofp\libc_nano.a(lib_a-memset.o)
 .ARM.attributes
                0x0000000000000383       0x1e c:/st/stm32cubeide_1.10.1/stm32cubeide/plugins/com.st.stm32cube.ide.mcu.externaltools.gnu-tools-for-stm32.10.3-2021.10.win32_1.0.0.202111181127/tools/bin/../lib/gcc/arm-none-eabi/10.3.1/thumb/v6-m/nofp\libgcc.a(_udivsi3.o)
 .ARM.attributes
                0x00000000000003a1       0x1e c:/st/stm32cubeide_1.10.1/stm32cubeide/plugins/com.st.stm32cube.ide.mcu.externaltools.gnu-tools-for-stm32.10.3-2021.10.win32_1.0.0.202111181127/tools/bin/../lib/gcc/arm-none-eabi/10.3.1/thumb/v6-m/nofp\libgcc.a(_dvmd_tls.o)
 .ARM.attributes
                0x00000000000003bf       0x1e c:/st/stm32cubeide_1.10.1/stm32cubeide/plugins/com.st.stm32cube.ide.mcu.externaltools.gnu-tools-for-stm32.10.3-2021.10.win32_1.0.0.202111181127/tools/bin/../lib/gcc/arm-none-eabi/10.3.1/thumb/v6-m/nofp/crtn.o
OUTPUT(sdCard_imp.elf elf32-littlearm)
LOAD linker stubs
LOAD c:/st/stm32cubeide_1.10.1/stm32cubeide/plugins/com.st.stm32cube.ide.mcu.externaltools.gnu-tools-for-stm32.10.3-2021.10.win32_1.0.0.202111181127/tools/bin/../lib/gcc/arm-none-eabi/10.3.1/../../../../arm-none-eabi/lib/thumb/v6-m/nofp\libc.a
LOAD c:/st/stm32cubeide_1.10.1/stm32cubeide/plugins/com.st.stm32cube.ide.mcu.externaltools.gnu-tools-for-stm32.10.3-2021.10.win32_1.0.0.202111181127/tools/bin/../lib/gcc/arm-none-eabi/10.3.1/../../../../arm-none-eabi/lib/thumb/v6-m/nofp\libm.a
LOAD c:/st/stm32cubeide_1.10.1/stm32cubeide/plugins/com.st.stm32cube.ide.mcu.externaltools.gnu-tools-for-stm32.10.3-2021.10.win32_1.0.0.202111181127/tools/bin/../lib/gcc/arm-none-eabi/10.3.1/thumb/v6-m/nofp\libgcc.a

.debug_info     0x0000000000000000     0x961e
 .debug_info    0x0000000000000000      0xcb4 ./Core/Src/fatfs_sd.o
 .debug_info    0x0000000000000cb4      0xf71 ./Core/Src/main.o
 .debug_info    0x0000000000001c25      0x8ab ./Core/Src/stm32f0xx_hal_msp.o
 .debug_info    0x00000000000024d0      0x13f ./Core/Src/stm32f0xx_it.o
 .debug_info    0x000000000000260f      0x269 ./Core/Src/system_stm32f0xx.o
 .debug_info    0x0000000000002878       0x22 ./Core/Startup/startup_stm32f051r8tx.o
 .debug_info    0x000000000000289a      0x6de ./Drivers/STM32F0xx_HAL_Driver/Src/stm32f0xx_hal.o
 .debug_info    0x0000000000002f78      0x711 ./Drivers/STM32F0xx_HAL_Driver/Src/stm32f0xx_hal_cortex.o
 .debug_info    0x0000000000003689      0x621 ./Drivers/STM32F0xx_HAL_Driver/Src/stm32f0xx_hal_gpio.o
 .debug_info    0x0000000000003caa      0x89f ./Drivers/STM32F0xx_HAL_Driver/Src/stm32f0xx_hal_rcc.o
 .debug_info    0x0000000000004549     0x1777 ./Drivers/STM32F0xx_HAL_Driver/Src/stm32f0xx_hal_spi.o
 .debug_info    0x0000000000005cc0      0x52d ./FATFS/App/fatfs.o
 .debug_info    0x00000000000061ed      0x3dc ./FATFS/Target/user_diskio.o
 .debug_info    0x00000000000065c9      0x40d ./Middlewares/Third_Party/FatFs/src/diskio.o
 .debug_info    0x00000000000069d6     0x2727 ./Middlewares/Third_Party/FatFs/src/ff.o
 .debug_info    0x00000000000090fd      0x3a4 ./Middlewares/Third_Party/FatFs/src/ff_gen_drv.o
 .debug_info    0x00000000000094a1      0x17d ./Middlewares/Third_Party/FatFs/src/option/ccsbcs.o

.debug_abbrev   0x0000000000000000     0x1e03
 .debug_abbrev  0x0000000000000000      0x2c4 ./Core/Src/fatfs_sd.o
 .debug_abbrev  0x00000000000002c4      0x2f5 ./Core/Src/main.o
 .debug_abbrev  0x00000000000005b9      0x194 ./Core/Src/stm32f0xx_hal_msp.o
 .debug_abbrev  0x000000000000074d       0x9d ./Core/Src/stm32f0xx_it.o
 .debug_abbrev  0x00000000000007ea      0x116 ./Core/Src/system_stm32f0xx.o
 .debug_abbrev  0x0000000000000900       0x12 ./Core/Startup/startup_stm32f051r8tx.o
 .debug_abbrev  0x0000000000000912      0x23f ./Drivers/STM32F0xx_HAL_Driver/Src/stm32f0xx_hal.o
 .debug_abbrev  0x0000000000000b51      0x283 ./Drivers/STM32F0xx_HAL_Driver/Src/stm32f0xx_hal_cortex.o
 .debug_abbrev  0x0000000000000dd4      0x1bb ./Drivers/STM32F0xx_HAL_Driver/Src/stm32f0xx_hal_gpio.o
 .debug_abbrev  0x0000000000000f8f      0x283 ./Drivers/STM32F0xx_HAL_Driver/Src/stm32f0xx_hal_rcc.o
 .debug_abbrev  0x0000000000001212      0x254 ./Drivers/STM32F0xx_HAL_Driver/Src/stm32f0xx_hal_spi.o
 .debug_abbrev  0x0000000000001466      0x19a ./FATFS/App/fatfs.o
 .debug_abbrev  0x0000000000001600      0x155 ./FATFS/Target/user_diskio.o
 .debug_abbrev  0x0000000000001755      0x178 ./Middlewares/Third_Party/FatFs/src/diskio.o
 .debug_abbrev  0x00000000000018cd      0x2cd ./Middlewares/Third_Party/FatFs/src/ff.o
 .debug_abbrev  0x0000000000001b9a      0x196 ./Middlewares/Third_Party/FatFs/src/ff_gen_drv.o
 .debug_abbrev  0x0000000000001d30       0xd3 ./Middlewares/Third_Party/FatFs/src/option/ccsbcs.o

.debug_aranges  0x0000000000000000      0x918
 .debug_aranges
                0x0000000000000000       0xa8 ./Core/Src/fatfs_sd.o
 .debug_aranges
                0x00000000000000a8       0x40 ./Core/Src/main.o
 .debug_aranges
                0x00000000000000e8       0x30 ./Core/Src/stm32f0xx_hal_msp.o
 .debug_aranges
                0x0000000000000118       0x48 ./Core/Src/stm32f0xx_it.o
 .debug_aranges
                0x0000000000000160       0x28 ./Core/Src/system_stm32f0xx.o
 .debug_aranges
                0x0000000000000188       0x28 ./Core/Startup/startup_stm32f051r8tx.o
 .debug_aranges
                0x00000000000001b0       0xd0 ./Drivers/STM32F0xx_HAL_Driver/Src/stm32f0xx_hal.o
 .debug_aranges
                0x0000000000000280       0xc0 ./Drivers/STM32F0xx_HAL_Driver/Src/stm32f0xx_hal_cortex.o
 .debug_aranges
                0x0000000000000340       0x58 ./Drivers/STM32F0xx_HAL_Driver/Src/stm32f0xx_hal_gpio.o
 .debug_aranges
                0x0000000000000398       0x80 ./Drivers/STM32F0xx_HAL_Driver/Src/stm32f0xx_hal_rcc.o
 .debug_aranges
                0x0000000000000418      0x1d8 ./Drivers/STM32F0xx_HAL_Driver/Src/stm32f0xx_hal_spi.o
 .debug_aranges
                0x00000000000005f0       0x28 ./FATFS/App/fatfs.o
 .debug_aranges
                0x0000000000000618       0x40 ./FATFS/Target/user_diskio.o
 .debug_aranges
                0x0000000000000658       0x48 ./Middlewares/Third_Party/FatFs/src/diskio.o
 .debug_aranges
                0x00000000000006a0      0x210 ./Middlewares/Third_Party/FatFs/src/ff.o
 .debug_aranges
                0x00000000000008b0       0x40 ./Middlewares/Third_Party/FatFs/src/ff_gen_drv.o
 .debug_aranges
                0x00000000000008f0       0x28 ./Middlewares/Third_Party/FatFs/src/option/ccsbcs.o

.debug_ranges   0x0000000000000000      0x810
 .debug_ranges  0x0000000000000000       0x98 ./Core/Src/fatfs_sd.o
 .debug_ranges  0x0000000000000098       0x30 ./Core/Src/main.o
 .debug_ranges  0x00000000000000c8       0x20 ./Core/Src/stm32f0xx_hal_msp.o
 .debug_ranges  0x00000000000000e8       0x38 ./Core/Src/stm32f0xx_it.o
 .debug_ranges  0x0000000000000120       0x18 ./Core/Src/system_stm32f0xx.o
 .debug_ranges  0x0000000000000138       0x20 ./Core/Startup/startup_stm32f051r8tx.o
 .debug_ranges  0x0000000000000158       0xc0 ./Drivers/STM32F0xx_HAL_Driver/Src/stm32f0xx_hal.o
 .debug_ranges  0x0000000000000218       0xb0 ./Drivers/STM32F0xx_HAL_Driver/Src/stm32f0xx_hal_cortex.o
 .debug_ranges  0x00000000000002c8       0x48 ./Drivers/STM32F0xx_HAL_Driver/Src/stm32f0xx_hal_gpio.o
 .debug_ranges  0x0000000000000310       0x70 ./Drivers/STM32F0xx_HAL_Driver/Src/stm32f0xx_hal_rcc.o
 .debug_ranges  0x0000000000000380      0x1c8 ./Drivers/STM32F0xx_HAL_Driver/Src/stm32f0xx_hal_spi.o
 .debug_ranges  0x0000000000000548       0x18 ./FATFS/App/fatfs.o
 .debug_ranges  0x0000000000000560       0x30 ./FATFS/Target/user_diskio.o
 .debug_ranges  0x0000000000000590       0x38 ./Middlewares/Third_Party/FatFs/src/diskio.o
 .debug_ranges  0x00000000000005c8      0x200 ./Middlewares/Third_Party/FatFs/src/ff.o
 .debug_ranges  0x00000000000007c8       0x30 ./Middlewares/Third_Party/FatFs/src/ff_gen_drv.o
 .debug_ranges  0x00000000000007f8       0x18 ./Middlewares/Third_Party/FatFs/src/option/ccsbcs.o

.debug_macro    0x0000000000000000    0x123c3
 .debug_macro   0x0000000000000000      0x1f4 ./Core/Src/fatfs_sd.o
 .debug_macro   0x00000000000001f4      0xa4e ./Core/Src/fatfs_sd.o
 .debug_macro   0x0000000000000c42      0x12d ./Core/Src/fatfs_sd.o
 .debug_macro   0x0000000000000d6f       0x2e ./Core/Src/fatfs_sd.o
 .debug_macro   0x0000000000000d9d       0x22 ./Core/Src/fatfs_sd.o
 .debug_macro   0x0000000000000dbf       0x22 ./Core/Src/fatfs_sd.o
 .debug_macro   0x0000000000000de1       0x8e ./Core/Src/fatfs_sd.o
 .debug_macro   0x0000000000000e6f       0x51 ./Core/Src/fatfs_sd.o
 .debug_macro   0x0000000000000ec0      0x103 ./Core/Src/fatfs_sd.o
 .debug_macro   0x0000000000000fc3       0x6a ./Core/Src/fatfs_sd.o
 .debug_macro   0x000000000000102d      0x1df ./Core/Src/fatfs_sd.o
 .debug_macro   0x000000000000120c       0x1c ./Core/Src/fatfs_sd.o
 .debug_macro   0x0000000000001228       0x22 ./Core/Src/fatfs_sd.o
 .debug_macro   0x000000000000124a       0xaf ./Core/Src/fatfs_sd.o
 .debug_macro   0x00000000000012f9      0x391 ./Core/Src/fatfs_sd.o
 .debug_macro   0x000000000000168a     0x8ce4 ./Core/Src/fatfs_sd.o
 .debug_macro   0x000000000000a36e       0x66 ./Core/Src/fatfs_sd.o
 .debug_macro   0x000000000000a3d4     0x34a6 ./Core/Src/fatfs_sd.o
 .debug_macro   0x000000000000d87a      0x174 ./Core/Src/fatfs_sd.o
 .debug_macro   0x000000000000d9ee       0x55 ./Core/Src/fatfs_sd.o
 .debug_macro   0x000000000000da43      0x924 ./Core/Src/fatfs_sd.o
 .debug_macro   0x000000000000e367      0x251 ./Core/Src/fatfs_sd.o
 .debug_macro   0x000000000000e5b8      0x1af ./Core/Src/fatfs_sd.o
 .debug_macro   0x000000000000e767      0x114 ./Core/Src/fatfs_sd.o
 .debug_macro   0x000000000000e87b      0x1a0 ./Core/Src/fatfs_sd.o
 .debug_macro   0x000000000000ea1b      0x1ed ./Core/Src/fatfs_sd.o
 .debug_macro   0x000000000000ec08       0x34 ./Core/Src/fatfs_sd.o
 .debug_macro   0x000000000000ec3c       0x43 ./Core/Src/fatfs_sd.o
 .debug_macro   0x000000000000ec7f       0x28 ./Core/Src/fatfs_sd.o
 .debug_macro   0x000000000000eca7       0xb0 ./Core/Src/fatfs_sd.o
 .debug_macro   0x000000000000ed57      0x199 ./Core/Src/fatfs_sd.o
 .debug_macro   0x000000000000eef0      0x22c ./Core/Src/fatfs_sd.o
 .debug_macro   0x000000000000f11c       0x61 ./Core/Src/fatfs_sd.o
 .debug_macro   0x000000000000f17d       0xa5 ./Core/Src/fatfs_sd.o
 .debug_macro   0x000000000000f222       0x4c ./Core/Src/fatfs_sd.o
 .debug_macro   0x000000000000f26e      0x112 ./Core/Src/fatfs_sd.o
 .debug_macro   0x000000000000f380      0x2fe ./Core/Src/fatfs_sd.o
 .debug_macro   0x000000000000f67e      0x114 ./Core/Src/fatfs_sd.o
 .debug_macro   0x000000000000f792       0x16 ./Core/Src/fatfs_sd.o
 .debug_macro   0x000000000000f7a8       0x7c ./Core/Src/fatfs_sd.o
 .debug_macro   0x000000000000f824       0x88 ./Core/Src/fatfs_sd.o
 .debug_macro   0x000000000000f8ac      0x2e2 ./Core/Src/main.o
 .debug_macro   0x000000000000fb8e       0x40 ./Core/Src/main.o
 .debug_macro   0x000000000000fbce       0xde ./Core/Src/main.o
 .debug_macro   0x000000000000fcac       0xf5 ./Core/Src/main.o
 .debug_macro   0x000000000000fda1       0x8e ./Core/Src/main.o
 .debug_macro   0x000000000000fe2f       0x52 ./Core/Src/main.o
 .debug_macro   0x000000000000fe81       0x18 ./Core/Src/main.o
 .debug_macro   0x000000000000fe99       0x3c ./Core/Src/main.o
 .debug_macro   0x000000000000fed5       0x34 ./Core/Src/main.o
 .debug_macro   0x000000000000ff09       0x16 ./Core/Src/main.o
 .debug_macro   0x000000000000ff1f       0x43 ./Core/Src/main.o
 .debug_macro   0x000000000000ff62       0x34 ./Core/Src/main.o
 .debug_macro   0x000000000000ff96       0x10 ./Core/Src/main.o
 .debug_macro   0x000000000000ffa6       0x58 ./Core/Src/main.o
 .debug_macro   0x000000000000fffe       0x71 ./Core/Src/main.o
 .debug_macro   0x000000000001006f       0x1c ./Core/Src/main.o
 .debug_macro   0x000000000001008b      0x12a ./Core/Src/main.o
 .debug_macro   0x00000000000101b5      0x341 ./Core/Src/main.o
 .debug_macro   0x00000000000104f6       0x10 ./Core/Src/main.o
 .debug_macro   0x0000000000010506       0x35 ./Core/Src/main.o
 .debug_macro   0x000000000001053b       0x20 ./Core/Src/main.o
 .debug_macro   0x000000000001055b      0x1be ./Core/Src/stm32f0xx_hal_msp.o
 .debug_macro   0x0000000000010719      0x1c8 ./Core/Src/stm32f0xx_it.o
 .debug_macro   0x00000000000108e1      0x1af ./Core/Src/system_stm32f0xx.o
 .debug_macro   0x0000000000010a90      0x1d3 ./Drivers/STM32F0xx_HAL_Driver/Src/stm32f0xx_hal.o
 .debug_macro   0x0000000000010c63      0x1af ./Drivers/STM32F0xx_HAL_Driver/Src/stm32f0xx_hal_cortex.o
 .debug_macro   0x0000000000010e12      0x1b6 ./Drivers/STM32F0xx_HAL_Driver/Src/stm32f0xx_hal_gpio.o
 .debug_macro   0x0000000000010fc8      0x1c1 ./Drivers/STM32F0xx_HAL_Driver/Src/stm32f0xx_hal_rcc.o
 .debug_macro   0x0000000000011189      0x1b7 ./Drivers/STM32F0xx_HAL_Driver/Src/stm32f0xx_hal_spi.o
 .debug_macro   0x0000000000011340      0x211 ./FATFS/App/fatfs.o
 .debug_macro   0x0000000000011551       0xd8 ./FATFS/App/fatfs.o
 .debug_macro   0x0000000000011629      0x2c6 ./FATFS/Target/user_diskio.o
 .debug_macro   0x00000000000118ef       0x4f ./FATFS/Target/user_diskio.o
 .debug_macro   0x000000000001193e      0x1fe ./Middlewares/Third_Party/FatFs/src/diskio.o
 .debug_macro   0x0000000000011b3c      0x445 ./Middlewares/Third_Party/FatFs/src/ff.o
 .debug_macro   0x0000000000011f81       0x58 ./Middlewares/Third_Party/FatFs/src/ff.o
 .debug_macro   0x0000000000011fd9      0x1fe ./Middlewares/Third_Party/FatFs/src/ff_gen_drv.o
 .debug_macro   0x00000000000121d7      0x1ec ./Middlewares/Third_Party/FatFs/src/option/ccsbcs.o

.debug_line     0x0000000000000000     0xd4b6
 .debug_line    0x0000000000000000      0xdb8 ./Core/Src/fatfs_sd.o
 .debug_line    0x0000000000000db8      0x9bb ./Core/Src/main.o
 .debug_line    0x0000000000001773      0x6f1 ./Core/Src/stm32f0xx_hal_msp.o
 .debug_line    0x0000000000001e64      0x73c ./Core/Src/stm32f0xx_it.o
 .debug_line    0x00000000000025a0      0x714 ./Core/Src/system_stm32f0xx.o
 .debug_line    0x0000000000002cb4       0x89 ./Core/Startup/startup_stm32f051r8tx.o
 .debug_line    0x0000000000002d3d      0x91f ./Drivers/STM32F0xx_HAL_Driver/Src/stm32f0xx_hal.o
 .debug_line    0x000000000000365c      0x9cb ./Drivers/STM32F0xx_HAL_Driver/Src/stm32f0xx_hal_cortex.o
 .debug_line    0x0000000000004027      0xa9c ./Drivers/STM32F0xx_HAL_Driver/Src/stm32f0xx_hal_gpio.o
 .debug_line    0x0000000000004ac3      0xd0b ./Drivers/STM32F0xx_HAL_Driver/Src/stm32f0xx_hal_rcc.o
 .debug_line    0x00000000000057ce     0x1e76 ./Drivers/STM32F0xx_HAL_Driver/Src/stm32f0xx_hal_spi.o
 .debug_line    0x0000000000007644      0x740 ./FATFS/App/fatfs.o
 .debug_line    0x0000000000007d84      0x8c1 ./FATFS/Target/user_diskio.o
 .debug_line    0x0000000000008645      0x7b0 ./Middlewares/Third_Party/FatFs/src/diskio.o
 .debug_line    0x0000000000008df5     0x3742 ./Middlewares/Third_Party/FatFs/src/ff.o
 .debug_line    0x000000000000c537      0x7cd ./Middlewares/Third_Party/FatFs/src/ff_gen_drv.o
 .debug_line    0x000000000000cd04      0x7b2 ./Middlewares/Third_Party/FatFs/src/option/ccsbcs.o

.debug_str      0x0000000000000000    0x670b5
 .debug_str     0x0000000000000000    0x61773 ./Core/Src/fatfs_sd.o
                                      0x61aaa (size before relaxing)
 .debug_str     0x0000000000061773     0x3978 ./Core/Src/main.o
                                      0x65223 (size before relaxing)
 .debug_str     0x00000000000650eb       0x63 ./Core/Src/stm32f0xx_hal_msp.o
                                      0x61712 (size before relaxing)
 .debug_str     0x000000000006514e       0x9b ./Core/Src/stm32f0xx_it.o
                                      0x61292 (size before relaxing)
 .debug_str     0x00000000000651e9       0x8b ./Core/Src/system_stm32f0xx.o
                                      0x61206 (size before relaxing)
 .debug_str     0x0000000000065274       0x36 ./Core/Startup/startup_stm32f051r8tx.o
                                         0x74 (size before relaxing)
 .debug_str     0x00000000000652aa      0x4d6 ./Drivers/STM32F0xx_HAL_Driver/Src/stm32f0xx_hal.o
                                      0x617c9 (size before relaxing)
 .debug_str     0x0000000000065780      0x1d2 ./Drivers/STM32F0xx_HAL_Driver/Src/stm32f0xx_hal_cortex.o
                                      0x615ba (size before relaxing)
 .debug_str     0x0000000000065952      0x118 ./Drivers/STM32F0xx_HAL_Driver/Src/stm32f0xx_hal_gpio.o
                                      0x613a7 (size before relaxing)
 .debug_str     0x0000000000065a6a      0x21a ./Drivers/STM32F0xx_HAL_Driver/Src/stm32f0xx_hal_rcc.o
                                      0x61642 (size before relaxing)
 .debug_str     0x0000000000065c84      0x57b ./Drivers/STM32F0xx_HAL_Driver/Src/stm32f0xx_hal_spi.o
                                      0x61b76 (size before relaxing)
 .debug_str     0x00000000000661ff       0x74 ./FATFS/App/fatfs.o
                                      0x61b49 (size before relaxing)
 .debug_str     0x0000000000066273       0x5a ./FATFS/Target/user_diskio.o
                                      0x648c9 (size before relaxing)
 .debug_str     0x00000000000662cd       0x52 ./Middlewares/Third_Party/FatFs/src/diskio.o
                                      0x61a6f (size before relaxing)
 .debug_str     0x000000000006631f      0xcb2 ./Middlewares/Third_Party/FatFs/src/ff.o
                                      0x6292d (size before relaxing)
 .debug_str     0x0000000000066fd1       0x91 ./Middlewares/Third_Party/FatFs/src/ff_gen_drv.o
                                      0x61ac0 (size before relaxing)
 .debug_str     0x0000000000067062       0x53 ./Middlewares/Third_Party/FatFs/src/option/ccsbcs.o
                                      0x6184e (size before relaxing)

.comment        0x0000000000000000       0x50
 .comment       0x0000000000000000       0x50 ./Core/Src/fatfs_sd.o
                                         0x51 (size before relaxing)
 .comment       0x0000000000000050       0x51 ./Core/Src/main.o
 .comment       0x0000000000000050       0x51 ./Core/Src/stm32f0xx_hal_msp.o
 .comment       0x0000000000000050       0x51 ./Core/Src/stm32f0xx_it.o
 .comment       0x0000000000000050       0x51 ./Core/Src/system_stm32f0xx.o
 .comment       0x0000000000000050       0x51 ./Drivers/STM32F0xx_HAL_Driver/Src/stm32f0xx_hal.o
 .comment       0x0000000000000050       0x51 ./Drivers/STM32F0xx_HAL_Driver/Src/stm32f0xx_hal_cortex.o
 .comment       0x0000000000000050       0x51 ./Drivers/STM32F0xx_HAL_Driver/Src/stm32f0xx_hal_gpio.o
 .comment       0x0000000000000050       0x51 ./Drivers/STM32F0xx_HAL_Driver/Src/stm32f0xx_hal_rcc.o
 .comment       0x0000000000000050       0x51 ./Drivers/STM32F0xx_HAL_Driver/Src/stm32f0xx_hal_spi.o
 .comment       0x0000000000000050       0x51 ./FATFS/App/fatfs.o
 .comment       0x0000000000000050       0x51 ./FATFS/Target/user_diskio.o
 .comment       0x0000000000000050       0x51 ./Middlewares/Third_Party/FatFs/src/diskio.o
 .comment       0x0000000000000050       0x51 ./Middlewares/Third_Party/FatFs/src/ff.o
 .comment       0x0000000000000050       0x51 ./Middlewares/Third_Party/FatFs/src/ff_gen_drv.o
 .comment       0x0000000000000050       0x51 ./Middlewares/Third_Party/FatFs/src/option/ccsbcs.o

.debug_frame    0x0000000000000000     0x1f28
 .debug_frame   0x0000000000000000      0x250 ./Core/Src/fatfs_sd.o
 .debug_frame   0x0000000000000250       0xa4 ./Core/Src/main.o
 .debug_frame   0x00000000000002f4       0x70 ./Core/Src/stm32f0xx_hal_msp.o
 .debug_frame   0x0000000000000364       0xb8 ./Core/Src/stm32f0xx_it.o
 .debug_frame   0x000000000000041c       0x4c ./Core/Src/system_stm32f0xx.o
 .debug_frame   0x0000000000000468      0x2a4 ./Drivers/STM32F0xx_HAL_Driver/Src/stm32f0xx_hal.o
 .debug_frame   0x000000000000070c      0x2a0 ./Drivers/STM32F0xx_HAL_Driver/Src/stm32f0xx_hal_cortex.o
 .debug_frame   0x00000000000009ac      0x110 ./Drivers/STM32F0xx_HAL_Driver/Src/stm32f0xx_hal_gpio.o
 .debug_frame   0x0000000000000abc      0x198 ./Drivers/STM32F0xx_HAL_Driver/Src/stm32f0xx_hal_rcc.o
 .debug_frame   0x0000000000000c54      0x710 ./Drivers/STM32F0xx_HAL_Driver/Src/stm32f0xx_hal_spi.o
 .debug_frame   0x0000000000001364       0x48 ./FATFS/App/fatfs.o
 .debug_frame   0x00000000000013ac       0xb0 ./FATFS/Target/user_diskio.o
 .debug_frame   0x000000000000145c       0xdc ./Middlewares/Third_Party/FatFs/src/diskio.o
 .debug_frame   0x0000000000001538      0x888 ./Middlewares/Third_Party/FatFs/src/ff.o
 .debug_frame   0x0000000000001dc0       0xac ./Middlewares/Third_Party/FatFs/src/ff_gen_drv.o
 .debug_frame   0x0000000000001e6c       0x50 ./Middlewares/Third_Party/FatFs/src/option/ccsbcs.o
 .debug_frame   0x0000000000001ebc       0x2c c:/st/stm32cubeide_1.10.1/stm32cubeide/plugins/com.st.stm32cube.ide.mcu.externaltools.gnu-tools-for-stm32.10.3-2021.10.win32_1.0.0.202111181127/tools/bin/../lib/gcc/arm-none-eabi/10.3.1/../../../../arm-none-eabi/lib/thumb/v6-m/nofp\libc_nano.a(lib_a-init.o)
 .debug_frame   0x0000000000001ee8       0x20 c:/st/stm32cubeide_1.10.1/stm32cubeide/plugins/com.st.stm32cube.ide.mcu.externaltools.gnu-tools-for-stm32.10.3-2021.10.win32_1.0.0.202111181127/tools/bin/../lib/gcc/arm-none-eabi/10.3.1/../../../../arm-none-eabi/lib/thumb/v6-m/nofp\libc_nano.a(lib_a-memset.o)
 .debug_frame   0x0000000000001f08       0x20 c:/st/stm32cubeide_1.10.1/stm32cubeide/plugins/com.st.stm32cube.ide.mcu.externaltools.gnu-tools-for-stm32.10.3-2021.10.win32_1.0.0.202111181127/tools/bin/../lib/gcc/arm-none-eabi/10.3.1/thumb/v6-m/nofp\libgcc.a(_udivsi3.o)
